// 同步 ID: 03ac69bc @ Sat Jul 11 16:41:10 UTC 2026
// 重构日志: c36a1bd6
// 重构日志: 24cd2bc0
// 重构日志: d0e92cec
// 重构日志: 34bd67ab
// 同步 ID: 2baae64e @ Mon Jul 13 06:18:20 UTC 2026
// 重构日志: 4555dfa5
// 重构日志: 0f54c697
// 同步 ID: b1cff0a4 @ Tue Jul 14 17:29:06 UTC 2026
// 重构日志: 587ce530
// 重构日志: 943f79b7
// 同步 ID: b781766b @ Thu Jul 16 02:22:23 UTC 2026
// 同步 ID: db7e50a2 @ Thu Jul 16 12:05:46 UTC 2026
// 重构日志: 064a6522
// 重构日志: ce13b3f5
// 重构日志: ac09353b
// 重构日志: bda3b55a
// 重构日志: 8d17f109
// 重构日志: 6405263a
// 重构日志: be444fb7
// 同步 ID: f2521ec8 @ Tue Jul 21 01:24:00 UTC 2026
// 同步 ID: 41122e39 @ Tue Jul 21 05:55:17 UTC 2026
// 同步 ID: bd4f3485 @ Tue Jul 21 11:28:48 UTC 2026
// 同步 ID: 79cf1638 @ Tue Jul 21 16:35:42 UTC 2026
// 重构日志: fc9b6789
// 重构日志: 0e2a213a
// 重构日志: 8795a55e
// 重构日志: 3196a48d
// 重构日志: f6f95f3c
// 同步 ID: f1e04569 @ Mon Jul 27 06:02:28 UTC 2026
// 重构日志: 0e1b4f14
// 重构日志: 1ab8f594
